[    0.000000] Linux version 4.15.0-212-generic (buildd@lcy02-amd64-083) (gcc version 7.5.0 (Ubuntu 7.5.0-3ubuntu1~18.04)) #223-Ubuntu SMP Tue May 23 13:09:22 UTC 2023 (Ubuntu 4.15.0-212.223-generic 4.15.18)
[    0.000000] Command line: BOOT_IMAGE=/boot/vmlinuz-4.15.0-212-generic root=LABEL=cloudimg-rootfs ro console=tty1 console=ttyS0
[    0.000000] KERNEL supported cpus:
[    0.000000]   Intel GenuineIntel
[    0.000000]   AMD AuthenticAMD
[    0.000000]   Centaur CentaurHauls
[    0.000000] x86/fpu: Supporting XSAVE feature 0x001: 'x87 floating point registers'
[    0.000000] x86/fpu: Supporting XSAVE feature 0x002: 'SSE registers'
[    0.000000] x86/fpu: Supporting XSAVE feature 0x004: 'AVX registers'
[    0.000000] x86/fpu: xstate_offset[2]:  576, xstate_sizes[2]:  256
[    0.000000] x86/fpu: Enabled xstate features 0x7, context size is 832 bytes, using 'standard' format.
[    0.000000] e820: BIOS-provided physical RAM map:
[    0.000000] BIOS-e820: [mem 0x0000000000000000-0x000000000009fbff] usable
[    0.000000] BIOS-e820: [mem 0x000000000009fc00-0x000000000009ffff] reserved
[    0.000000] BIOS-e820: [mem 0x00000000000f0000-0x00000000000fffff] reserved
[    0.000000] BIOS-e820: [mem 0x0000000000100000-0x000000003ffeffff] usable
[    0.000000] BIOS-e820: [mem 0x000000003fff0000-0x000000003fffffff] ACPI data
[    0.000000] BIOS-e820: [mem 0x00000000fec00000-0x00000000fec00fff] reserved
[    0.000000] BIOS-e820: [mem 0x00000000fee00000-0x00000000fee00fff] reserved
[    0.000000] BIOS-e820: [mem 0x00000000fffc0000-0x00000000ffffffff] reserved
[    0.000000] NX (Execute Disable) protection: active
[    0.000000] SMBIOS 2.5 present.
[    0.000000] DMI: innotek GmbH VirtualBox/VirtualBox, BIOS VirtualBox 12/01/2006
[    0.000000] Hypervisor detected: KVM
[    0.000000] e820: last_pfn = 0x3fff0 max_arch_pfn = 0x400000000
[    0.000000] x86/PAT: Configuration [0-7]: WB  WC  UC- UC  WB  WP  UC- WT  
[    0.000000] CPU MTRRs all blank - virtualized system.
[    0.000000] found SMP MP-table at [mem 0x0009fbf0-0x0009fbff]
[    0.000000] Scanning 1 areas for low memory corruption
[    0.000000] RAMDISK: [mem 0x359cb000-0x36cdcfff]
[    0.000000] ACPI: Early table checksum verification disabled
[    0.000000] ACPI: RSDP 0x00000000000E0000 000024 (v02 VBOX  )
[    0.000000] ACPI: XSDT 0x000000003FFF0030 00003C (v01 VBOX   VBOXXSDT 00000001 ASL  00000061)
[    0.000000] ACPI: FACP 0x000000003FFF00F0 0000F4 (v04 VBOX   VBOXFACP 00000001 ASL  00000061)
[    0.000000] ACPI: DSDT 0x000000003FFF02F0 002353 (v02 VBOX   VBOXBIOS 00000002 VBOX 0002A122)
[    0.000000] ACPI: FACS 0x000000003FFF0200 000040
[    0.000000] ACPI: FACS 0x000000003FFF0200 000040
[    0.000000] ACPI: APIC 0x000000003FFF0240 00005C (v02 VBOX   VBOXAPIC 00000001 ASL  00000061)
[    0.000000] ACPI: SSDT 0x000000003FFF02A0 000045 (v01 VBOX   VBOXCPUT 00000002 VBOX 0002A122)
[    0.000000] ACPI: Reserving FACP table memory at [mem 0x3fff00f0-0x3fff01e3]
[    0.000000] ACPI: Reserving DSDT table memory at [mem 0x3fff02f0-0x3fff2642]
[    0.000000] ACPI: Reserving FACS table memory at [mem 0x3fff0200-0x3fff023f]
[    0.000000] ACPI: Reserving FACS table memory at [mem 0x3fff0200-0x3fff023f]
[    0.000000] ACPI: Reserving APIC table memory at [mem 0x3fff0240-0x3fff029b]
[    0.000000] ACPI: Reserving SSDT table memory at [mem 0x3fff02a0-0x3fff02e4]
[    0.000000] No NUMA configuration found
[    0.000000] Faking a node at [mem 0x0000000000000000-0x000000003ffeffff]
[    0.000000] NODE_DATA(0) allocated [mem 0x3ffc5000-0x3ffeffff]
[    0.000000] kvm-clock: cpu 0, msr 0:3ff44001, primary cpu clock
[    0.000000] kvm-clock: Using msrs 4b564d01 and 4b564d00
[    0.000000] kvm-clock: using sched offset of 7137283317 cycles
[    0.000000] clocksource: kvm-clock: mask: 0xffffffffffffffff max_cycles: 0x1cd42e4dffb, max_idle_ns: 881590591483 ns
[    0.000000] Zone ranges:
[    0.000000]   DMA      [mem 0x0000000000001000-0x0000000000ffffff]
[    0.000000]   DMA32    [mem 0x0000000001000000-0x000000003ffeffff]
[    0.000000]   Normal   empty
[    0.000000]   Device   empty
[    0.000000] Movable zone start for each node
[    0.000000] Early memory node ranges
[    0.000000]   node   0: [mem 0x0000000000001000-0x000000000009efff]
[    0.000000]   node   0: [mem 0x0000000000100000-0x000000003ffeffff]
[    0.000000] Reserved but unavailable: 104 pages
[    0.000000] Initmem setup node 0 [mem 0x0000000000001000-0x000000003ffeffff]
[    0.000000] ACPI: PM-Timer IO Port: 0x4008
[    0.000000] IOAPIC[0]: apic_id 2, version 32, address 0xfec00000, GSI 0-23
[    0.000000] ACPI: INT_SRC_OVR (bus 0 bus_irq 0 global_irq 2 dfl dfl)
[    0.000000] ACPI: INT_SRC_OVR (bus 0 bus_irq 9 global_irq 9 low level)
[    0.000000] Using ACPI (MADT) for SMP configuration information
[    0.000000] smpboot: Allowing 2 CPUs, 0 hotplug CPUs
[    0.000000] PM: Registered nosave memory: [mem 0x00000000-0x00000fff]
[    0.000000] PM: Registered nosave memory: [mem 0x0009f000-0x0009ffff]
[    0.000000] PM: Registered nosave memory: [mem 0x000a0000-0x000effff]
[    0.000000] PM: Registered nosave memory: [mem 0x000f0000-0x000fffff]
[    0.000000] e820: [mem 0x40000000-0xfebfffff] available for PCI devices
[    0.000000] Booting paravirtualized kernel on KVM
[    0.000000] clocksource: refined-jiffies: mask: 0xffffffff max_cycles: 0xffffffff, max_idle_ns: 7645519600211568 ns
[    0.000000] setup_percpu: NR_CPUS:8192 nr_cpumask_bits:2 nr_cpu_ids:2 nr_node_ids:1
[    0.000000] percpu: Embedded 50 pages/cpu s167936 r8192 d28672 u1048576
[    0.000000] PV qspinlock hash table entries: 256 (order: 0, 4096 bytes)
[    0.000000] Built 1 zonelists, mobility grouping on.  Total pages: 257913
[    0.000000] Policy zone: DMA32
[    0.000000] Kernel command line: BOOT_IMAGE=/boot/vmlinuz-4.15.0-212-generic root=LABEL=cloudimg-rootfs ro console=tty1 console=ttyS0
[    0.000000] Memory: 982644K/1048120K available (12300K kernel code, 2477K rwdata, 4324K rodata, 2480K init, 2720K bss, 65476K reserved, 0K cma-reserved)
[    0.000000] SLUB: HWalign=64, Order=0-3, MinObjects=0, CPUs=2, Nodes=1
[    0.000000] ftrace: allocating 39508 entries in 155 pages
[    0.004000] Hierarchical RCU implementation.
[    0.004000] 	RCU restricting CPUs from NR_CPUS=8192 to nr_cpu_ids=2.
[    0.004000] 	Tasks RCU enabled.
[    0.004000] RCU: Adjusting geometry for rcu_fanout_leaf=16, nr_cpu_ids=2
[    0.004000] NR_IRQS: 524544, nr_irqs: 440, preallocated irqs: 16
[    0.004000] random: crng init done
[    0.004000] Console: colour VGA+ 80x25
[    0.004000] console [tty1] enabled
[    0.004000] console [ttyS0] enabled
[    0.004000] ACPI: Core revision 20170831
[    0.004000] ACPI: 2 ACPI AML tables successfully acquired and loaded
[    0.004000] APIC: Switch to symmetric I/O mode setup
[    0.004000] ..TIMER: vector=0x30 apic1=0 pin1=2 apic2=-1 pin2=-1
[    0.004014] tsc: Detected 3110.398 MHz processor
[    0.008025] Calibrating delay loop (skipped) preset value.. 6220.79 BogoMIPS (lpj=12441592)
[    0.012016] pid_max: default: 32768 minimum: 301
[    0.016471] Security Framework initialized
[    0.020013] Yama: becoming mindful.
[    0.024397] AppArmor: AppArmor initialized
[    0.052692] Dentry cache hash table entries: 131072 (order: 8, 1048576 bytes)
[    0.070802] Inode-cache hash table entries: 65536 (order: 7, 524288 bytes)
[    0.072527] Mount-cache hash table entries: 2048 (order: 2, 16384 bytes)
[    0.076375] Mountpoint-cache hash table entries: 2048 (order: 2, 16384 bytes)
[    0.093502] Last level iTLB entries: 4KB 0, 2MB 0, 4MB 0
[    0.096013] Last level dTLB entries: 4KB 0, 2MB 0, 4MB 0, 1GB 0
[    0.104017] Spectre V1 : Mitigation: usercopy/swapgs barriers and __user pointer sanitization
[    0.108017] Spectre V2 : Mitigation: Enhanced IBRS
[    0.112009] Spectre V2 : Spectre v2 / SpectreRSB mitigation: Filling RSB on context switch
[    0.116009] Spectre V2 : Spectre v2 / PBRSB-eIBRS: Retire a single CALL on VMEXIT
[    0.120012] RETBleed: Mitigation: Enhanced IBRS
[    0.124011] Speculative Store Bypass: Vulnerable
[    0.128471] Freeing SMP alternatives memory: 36K
[    0.253361] smpboot: CPU0: 12th Gen Intel(R) Core(TM) i5-12500H (family: 0x6, model: 0x9a, stepping: 0x3)
[    0.260823] Performance Events: unsupported p6 CPU model 154 no PMU driver, software events only.
[    0.268503] Hierarchical SRCU implementation.
[    0.276937] NMI watchdog: Perf event create on CPU 0 failed with -2
[    0.280011] NMI watchdog: Perf NMI watchdog permanently disabled
[    0.285103] smp: Bringing up secondary CPUs ...
[    0.293877] x86: Booting SMP configuration:
[    0.296013] .... node  #0, CPUs:      #1
[    0.004000] kvm-clock: cpu 1, msr 0:3ff44041, secondary cpu clock
[    0.348458] smp: Brought up 1 node, 2 CPUs
[    0.352020] smpboot: Max logical packages: 1
[    0.356017] smpboot: Total of 2 processors activated (12441.59 BogoMIPS)
[    0.368014] devtmpfs: initialized
[    0.372368] x86/mm: Memory block size: 128MB
[    0.381512] evm: security.selinux
[    0.384079] evm: security.SMACK64
[    0.388011] evm: security.SMACK64EXEC
[    0.392010] evm: security.SMACK64TRANSMUTE
[    0.396012] evm: security.SMACK64MMAP
[    0.400011] evm: security.apparmor
[    0.404011] evm: security.ima
[    0.408010] evm: security.capability
[    0.417579] clocksource: jiffies: mask: 0xffffffff max_cycles: 0xffffffff, max_idle_ns: 7645041785100000 ns
[    0.420035] futex hash table entries: 512 (order: 3, 32768 bytes)
[    0.424891] pinctrl core: initialized pinctrl subsystem
[    0.434402] RTC time:  6:17:21, date: 05/20/26
[    0.442034] NET: Registered protocol family 16
[    0.448402] audit: initializing netlink subsys (disabled)
[    0.456021] audit: type=2000 audit(1779257847.701:1): state=initialized audit_enabled=0 res=1
[    0.516026] cpuidle: using governor ladder
[    0.520036] cpuidle: using governor menu
[    0.524254] ACPI: bus type PCI registered
[    0.528310] acpiphp: ACPI Hot Plug PCI Controller Driver version: 0.5
[    0.536687] PCI: Using configuration type 1 for base access
[    0.564455] HugeTLB registered 2.00 MiB page size, pre-allocated 0 pages
[    0.589324] ACPI: Added _OSI(Module Device)
[    0.592017] ACPI: Added _OSI(Processor Device)
[    0.596011] ACPI: Added _OSI(3.0 _SCP Extensions)
[    0.600015] ACPI: Added _OSI(Processor Aggregator Device)
[    0.604019] ACPI: Added _OSI(Linux-Dell-Video)
[    0.608015] ACPI: Added _OSI(Linux-Lenovo-NV-HDMI-Audio)
[    0.612014] ACPI: Added _OSI(Linux-HPI-Hybrid-Graphics)
[    0.617722] ACPI: Executed 1 blocks of module-level executable AML code
[    0.634967] ACPI: Interpreter enabled
[    0.636049] ACPI: (supports S0 S5)
[    0.640014] ACPI: Using IOAPIC for interrupt routing
[    0.648086] PCI: Using host bridge windows from ACPI; if necessary, use "pci=nocrs" and report a bug
[    0.653149] ACPI: Enabled 2 GPEs in block 00 to 07
[    0.692000] ACPI: PCI Root Bridge [PCI0] (domain 0000 [bus 00-ff])
[    0.696038] acpi PNP0A03:00: _OSC: OS supports [ASPM ClockPM Segments MSI]
[    0.706755] acpi PNP0A03:00: _OSC: not requesting OS control; OS requires [ExtendedConfig ASPM ClockPM MSI]
[    0.708055] acpi PNP0A03:00: fail to add MMCONFIG information, can't access extended PCI configuration space under this bridge.
[    0.715683] PCI host bridge to bus 0000:00
[    0.716016] pci_bus 0000:00: root bus resource [io  0x0000-0x0cf7 window]
[    0.720018] pci_bus 0000:00: root bus resource [io  0x0d00-0xffff window]
[    0.724017] pci_bus 0000:00: root bus resource [mem 0x000a0000-0x000bffff window]
[    0.728020] pci_bus 0000:00: root bus resource [mem 0x40000000-0xfdffffff window]
[    0.732017] pci_bus 0000:00: root bus resource [bus 00-ff]
[    0.761888] pci 0000:00:01.1: legacy IDE quirk: reg 0x10: [io  0x01f0-0x01f7]
[    0.768022] pci 0000:00:01.1: legacy IDE quirk: reg 0x14: [io  0x03f6]
[    0.772018] pci 0000:00:01.1: legacy IDE quirk: reg 0x18: [io  0x0170-0x0177]
[    0.776014] pci 0000:00:01.1: legacy IDE quirk: reg 0x1c: [io  0x0376]
[    0.856845] pci 0000:00:07.0: quirk: [io  0x4000-0x403f] claimed by PIIX4 ACPI
[    0.860162] pci 0000:00:07.0: quirk: [io  0x4100-0x410f] claimed by PIIX4 SMB
[    0.908084] ACPI: PCI Interrupt Link [LNKA] (IRQs 5 9 10 *11)
[    0.917293] ACPI: PCI Interrupt Link [LNKB] (IRQs 5 9 *10 11)
[    0.920878] ACPI: PCI Interrupt Link [LNKC] (IRQs 5 *9 10 11)
[    0.924953] ACPI: PCI Interrupt Link [LNKD] (IRQs 5 9 10 *11)
[    0.931676] SCSI subsystem initialized
[    0.940181] pci 0000:00:02.0: vgaarb: setting as boot VGA device
[    0.944000] pci 0000:00:02.0: vgaarb: VGA device added: decodes=io+mem,owns=io+mem,locks=none
[    0.944022] pci 0000:00:02.0: vgaarb: bridge control possible
[    0.948013] vgaarb: loaded
[    0.952349] ACPI: bus type USB registered
[    0.956072] usbcore: registered new interface driver usbfs
[    0.960159] usbcore: registered new interface driver hub
[    0.964052] usbcore: registered new device driver usb
[    0.972456] EDAC MC: Ver: 3.0.0
[    0.984559] PCI: Using ACPI for IRQ routing
[    0.993291] NetLabel: Initializing
[    1.000016] NetLabel:  domain hash size = 128
[    1.004009] NetLabel:  protocols = UNLABELED CIPSOv4 CALIPSO
[    1.008073] NetLabel:  unlabeled traffic allowed by default
[    1.024103] clocksource: Switched to clocksource kvm-clock
[    1.169739] VFS: Disk quotas dquot_6.6.0
[    1.169739] VFS: Dquot-cache hash table entries: 512 (order 0, 4096 bytes)
[    1.169739] AppArmor: AppArmor Filesystem Enabled
[    1.169739] pnp: PnP ACPI init
[    1.291066] pnp: PnP ACPI: found 3 devices
[    1.467251] clocksource: acpi_pm: mask: 0xffffff max_cycles: 0xffffff, max_idle_ns: 2085701024 ns
[    1.468086] NET: Registered protocol family 2
[    1.468086] IP idents hash table entries: 16384 (order: 5, 131072 bytes)
[    1.547552] TCP established hash table entries: 8192 (order: 4, 65536 bytes)
[    1.577307] TCP bind hash table entries: 8192 (order: 5, 131072 bytes)
[    1.578762] TCP: Hash tables configured (established 8192 bind 8192)
[    1.578762] UDP hash table entries: 512 (order: 2, 16384 bytes)
[    1.578762] UDP-Lite hash table entries: 512 (order: 2, 16384 bytes)
[    1.578762] NET: Registered protocol family 1
[    1.578762] pci 0000:00:00.0: Limiting direct PCI/PCI transfers
[    1.578762] pci 0000:00:01.0: Activating ISA DMA hang workarounds
[    1.578762] pci 0000:00:02.0: Video device with shadowed ROM at [mem 0x000c0000-0x000dffff]
[    1.763115] Unpacking initramfs...
[    3.510548] Freeing initrd memory: 19528K
[    3.510548] clocksource: tsc: mask: 0xffffffffffffffff max_cycles: 0x2cd5a646d7e, max_idle_ns: 440795273267 ns
[    3.510548] platform rtc_cmos: registered platform RTC device (no PNP device found)
[    3.627721] Scanning for low memory corruption every 60 seconds
[    3.673085] Initialise system trusted keyrings
[    3.692997] Key type blacklist registered
[    3.710013] workingset: timestamp_bits=36 max_order=18 bucket_order=0
[    3.745657] zbud: loaded
[    3.769905] squashfs: version 4.0 (2009/01/31) Phillip Lougher
[    3.799190] fuse init (API version 7.26)
[    3.954719] Key type asymmetric registered
[    3.965361] Asymmetric key parser 'x509' registered
[    3.975641] Block layer SCSI generic (bsg) driver version 0.4 loaded (major 246)
[    3.994674] io scheduler noop registered
[    4.011557] io scheduler deadline registered
[    4.029376] io scheduler cfq registered (default)
[    4.048042] ACPI: AC Adapter [AC] (on-line)
[    4.064899] input: Power Button as /devices/LNXSYSTM:00/LNXPWRBN:00/input/input0
[    4.091480] ACPI: Power Button [PWRF]
[    4.105509] input: Sleep Button as /devices/LNXSYSTM:00/LNXSLPBN:00/input/input1
[    4.130435] ACPI: Sleep Button [SLPF]
[    4.147271] Serial: 8250/16550 driver, 32 ports, IRQ sharing enabled
[    4.153429] ACPI: Battery Slot [BAT0] (battery present)
[    4.228768] 00:02: ttyS0 at I/O 0x3f8 (irq = 4, base_baud = 115200) is a 16550A
[    4.307909] Linux agpgart interface v0.103
[    4.371226] loop: module loaded
[    4.401791] scsi host0: ata_piix
[    4.425154] scsi host1: ata_piix
[    4.440727] ata1: PATA max UDMA/33 cmd 0x1f0 ctl 0x3f6 bmdma 0xd000 irq 14
[    4.444203] ata2: PATA max UDMA/33 cmd 0x170 ctl 0x376 bmdma 0xd008 irq 15
[    4.494476] tun: Universal TUN/TAP device driver, 1.6
[    4.518214] PPP generic driver version 2.4.2
[    4.538858] ehci_hcd: USB 2.0 'Enhanced' Host Controller (EHCI) Driver
[    4.567863] ehci-pci: EHCI PCI platform driver
[    4.589266] ehci-platform: EHCI generic platform driver
[    4.615707] ohci_hcd: USB 1.1 'Open' Host Controller (OHCI) Driver
[    4.641387] ohci-pci: OHCI PCI platform driver
[    4.668938] ohci-platform: OHCI generic platform driver
[    4.695051] uhci_hcd: USB Universal Host Controller Interface driver
[    4.720794] i8042: PNP: PS/2 Controller [PNP0303:PS2K,PNP0f03:PS2M] at 0x60,0x64 irq 1,12
[    4.767977] serio: i8042 KBD port at 0x60,0x64 irq 1
[    4.787498] serio: i8042 AUX port at 0x60,0x64 irq 12
[    4.807827] mousedev: PS/2 mouse device common for all mice
[    4.839461] input: AT Translated Set 2 keyboard as /devices/platform/i8042/serio0/input/input2
[    4.874099] rtc_cmos rtc_cmos: rtc core: registered rtc_cmos as rtc0
[    4.903794] rtc_cmos rtc_cmos: alarms up to one day, 114 bytes nvram
[    4.921363] i2c /dev entries driver
[    4.925153] device-mapper: uevent: version 1.0.3
[    4.939135] device-mapper: ioctl: 4.37.0-ioctl (2017-09-20) initialised: dm-devel@redhat.com
[    4.969437] ledtrig-cpu: registered to indicate activity on CPUs
[    5.014237] NET: Registered protocol family 10
[    5.107470] Segment Routing with IPv6
[    5.125331] NET: Registered protocol family 17
[    5.142863] Key type dns_resolver registered
[    5.161580] mce: Using 0 MCE banks
[    5.173763] RAS: Correctable Errors collector initialized.
[    5.192975] sched_clock: Marking stable (5192471602, 0)->(9312425881, -4119954279)
[    5.237929] registered taskstats version 1
[    5.256969] Loading compiled-in X.509 certificates
[    5.304965] Loaded X.509 cert 'Build time autogenerated kernel key: b5b26778eaa3ab3a4a6cee031137706e947d12ad'
[    5.338846] Loaded X.509 cert 'Canonical Ltd. Live Patch Signing: 14df34d1a87cf37625abec039ef2bf521249b969'
[    5.378442] Loaded X.509 cert 'Canonical Ltd. Kernel Module Signing: 88f752e560a1e0737e31163a466ad7b70a850c19'
[    5.417867] blacklist: Loading compiled-in revocation X.509 certificates
[    5.447320] Loaded X.509 cert 'Canonical Ltd. Secure Boot Signing: 61482aa2830d0ab2ad5af10b7250da9033ddcef0'
[    5.488614] Loaded X.509 cert 'Canonical Ltd. Secure Boot Signing (2017): 242ade75ac4a15e50d50c84b0d45ff3eae707a03'
[    5.532430] Loaded X.509 cert 'Canonical Ltd. Secure Boot Signing (ESM 2018): 365188c1d374d6b07c3c8f240f8ef722433d6a8b'
[    5.577934] Loaded X.509 cert 'Canonical Ltd. Secure Boot Signing (2019): c0746fd6c5da3ae827864651ad66ae47fe24b3e8'
[    5.621166] Loaded X.509 cert 'Canonical Ltd. Secure Boot Signing (2021 v1): a8d54bbb3825cfb94fa13c9f8a594a195c107b8d'
[    5.662804] Loaded X.509 cert 'Canonical Ltd. Secure Boot Signing (2021 v2): 4cf046892d6fd3c9a5b03f98d845f90851dc6a8c'
[    5.706351] Loaded X.509 cert 'Canonical Ltd. Secure Boot Signing (2021 v3): 100437bb6de6e469b581e61cd66bce3ef4ed53af'
[    5.734240] Loaded X.509 cert 'Canonical Ltd. Secure Boot Signing (Ubuntu Core 2019): c1d57b8f6b743f23ee41f4f7ee292f06eecadfb9'
[    5.779810] zswap: loaded using pool lzo/zbud
[    5.861549] Key type big_key registered
[    5.878935] Key type trusted registered
[    5.921694] Key type encrypted registered
[    5.939074] AppArmor: AppArmor sha1 policy hashing enabled
[    5.961802] ima: No TPM chip found, activating TPM-bypass! (rc=-19)
[    5.986581] ima: Allocated hash algorithm: sha1
[    6.004657] evm: HMAC attrs: 0x1
[    6.024896]   Magic number: 10:849:266
[    6.044860] rtc_cmos rtc_cmos: setting system clock to 2026-05-20 06:17:28 UTC (1779257848)
[    6.079225] BIOS EDD facility v0.16 2004-Jun-25, 0 devices found
[    6.103930] EDD information not available.
[    6.132504] Freeing unused kernel image memory: 2480K
[    6.171265] Write protecting the kernel read-only data: 20480k
[    6.198751] Freeing unused kernel image memory: 2008K
[    6.222088] Freeing unused kernel image memory: 1820K
[    6.255247] x86/mm: Checked W+X mappings: passed, no W+X pages found.
Loading, please wait...
starting version 237
[    6.683914] Fusion MPT base driver 3.04.20
[    6.703671] Copyright (c) 1999-2008 LSI Corporation
[    6.751003] e1000: Intel(R) PRO/1000 Network Driver - version 7.3.21-k8-NAPI
[    6.783614] e1000: Copyright (c) 1999-2006 Intel Corporation.
[    6.937325] AVX2 version of gcm_enc/dec engaged.
[    6.955686] AES CTR mode by8 optimization enabled
[    6.980545] Fusion MPT SPI Host driver 3.04.20
[    7.294653] input: ImExPS/2 Generic Explorer Mouse as /devices/platform/i8042/serio1/input/input4
[    8.937792] e1000 0000:00:03.0 eth0: (PCI:33MHz:32-bit) 02:3b:7b:b7:3b:2d
[    8.959962] e1000 0000:00:03.0 eth0: Intel(R) PRO/1000 Network Connection
[    8.994017] mptbase: ioc0: Initiating bringup
[    9.413641] ioc0: LSI53C1030 A0: Capabilities={Initiator}
[   10.314802] scsi host2: ioc0: LSI53C1030 A0, FwRev=00000000h, Ports=1, MaxQ=256, IRQ=20
[   10.805695] scsi 2:0:0:0: Direct-Access     VBOX     HARDDISK         1.0  PQ: 0 ANSI: 5
[   10.972642] scsi target2:0:0: Beginning Domain Validation
[   11.022696] scsi target2:0:0: Domain Validation skipping write tests
[   11.047217] scsi target2:0:0: Ending Domain Validation
[   11.069462] scsi target2:0:0: asynchronous
[   11.091416] scsi 2:0:1:0: Direct-Access     VBOX     HARDDISK         1.0  PQ: 0 ANSI: 5
[   11.392796] scsi target2:0:1: Beginning Domain Validation
[   11.443749] scsi target2:0:1: Domain Validation skipping write tests
[   11.467644] scsi target2:0:1: Ending Domain Validation
[   11.488974] scsi target2:0:1: asynchronous
[   11.543551] sd 2:0:0:0: Attached scsi generic sg0 type 0
[   11.562732] sd 2:0:1:0: Attached scsi generic sg1 type 0
[   11.587406] sd 2:0:0:0: [sda] 83886080 512-byte logical blocks: (42.9 GB/40.0 GiB)
[   11.618781] sd 2:0:1:0: [sdb] 20480 512-byte logical blocks: (10.5 MB/10.0 MiB)
[   11.651142] sd 2:0:0:0: [sda] Write Protect is off
[   11.671437] sd 2:0:1:0: [sdb] Write Protect is off
[   11.696088] sd 2:0:0:0: [sda] Write cache: enabled, read cache: enabled, supports DPO and FUA
[   11.729807] sd 2:0:1:0: [sdb] Write cache: enabled, read cache: enabled, supports DPO and FUA
[   11.785930]  sda: sda1
[   11.843297] sd 2:0:1:0: [sdb] Attached SCSI disk
[   11.862647] sd 2:0:0:0: [sda] Attached SCSI disk
[   12.846348] e1000 0000:00:08.0 eth1: (PCI:33MHz:32-bit) 08:00:27:f3:29:b9
[   12.867670] e1000 0000:00:08.0 eth1: Intel(R) PRO/1000 Network Connection
[   12.913101] e1000 0000:00:08.0 enp0s8: renamed from eth1
[   12.957840] e1000 0000:00:03.0 enp0s3: renamed from eth0
Begin: Loading essential drivers ... [   16.520693] raid6: sse2x1   gen()  3465 MB/s
[   16.584521] raid6: sse2x1   xor()  1916 MB/s
[   16.648548] raid6: sse2x2   gen()  4188 MB/s
[   16.712434] raid6: sse2x2   xor()  2700 MB/s
[   16.778074] raid6: sse2x4   gen()  5188 MB/s
[   16.841644] raid6: sse2x4   xor()  2491 MB/s
[   16.908506] raid6: avx2x1   gen()  3793 MB/s
[   16.973689] raid6: avx2x1   xor()  2422 MB/s
[   17.038374] raid6: avx2x2   gen()  5000 MB/s
[   17.101447] raid6: avx2x2   xor()  2364 MB/s
[   17.170452] raid6: avx2x4   gen()  5222 MB/s
[   17.236746] raid6: avx2x4   xor()  2925 MB/s
[   17.251898] raid6: using algorithm avx2x4 gen() 5222 MB/s
[   17.270817] raid6: .... xor() 2925 MB/s, rmw enabled
[   17.287692] raid6: using avx2x2 recovery algorithm
[   17.310757] xor: automatically using best checksumming function   avx       
[   17.369389] async_tx: api initialized (async)
done.
Begin: Running /scripts/init-premount ... done.
Begin: Mounting root file system ... Begin: Running /scripts/local-top ... done.
Begin: Running /scripts/local-premount ... [   17.720300] Btrfs loaded, crc32c=crc32c-intel
Scanning for Btrfs filesystems
done.
Warning: fsck not present, so skipping root file system
[   17.954239] EXT4-fs (sda1): mounted filesystem with ordered data mode. Opts: (null)
done.
Begin: Running /scripts/local-bottom ... done.
Begin: Running /scripts/init-bottom ... done.
[   18.694807] ip_tables: (C) 2000-2006 Netfilter Core Team
[   18.746246] systemd[1]: systemd 237 running in system mode. (+PAM +AUDIT +SELINUX +IMA +APPARMOR +SMACK +SYSVINIT +UTMP +LIBCRYPTSETUP +GCRYPT +GNUTLS +ACL +XZ +LZ4 +SECCOMP +BLKID +ELFUTILS +KMOD -IDN2 +IDN -PCRE2 default-hierarchy=hybrid)
[   18.783277] systemd[1]: Detected virtualization oracle.
[   18.795460] systemd[1]: Detected architecture x86-64.

Welcome to [1mUbuntu 18.04.6 LTS[0m!

[   18.976840] systemd[1]: Set hostname to <ubuntu>.
[   19.018594] systemd[1]: Initializing machine ID from random generator.
[   19.041021] systemd[1]: Installed transient /etc/machine-id file.
[   19.962044] systemd[1]: Started Forward Password Requests to Wall Directory Watch.
[[0;32m  OK  [0m] Started Forward Password Requests to Wall Directory Watch.
[   20.059804] systemd[1]: Created slice System Slice.
[[0;32m  OK  [0m] Created slice System Slice.
[   20.105232] systemd[1]: Listening on Device-mapper event daemon FIFOs.
[[0;32m  OK  [0m] Listening on Device-mapper event daemon FIFOs.
[   20.155304] systemd[1]: Listening on udev Kernel Socket.
[[0;32m  OK  [0m] Listening on udev Kernel Socket.
[[0;32m  OK  [0m] Listening on udev Control Socket.
[[0;32m  OK  [0m] Listening on Journal Socket.
         Starting Uncomplicated firewall...
         Starting Set the console keyboard layout...
         Mounting Huge Pages File System...
[[0;32m  OK  [0m] Listening on LVM2 poll daemon socket.
[[0;32m  OK  [0m] Listening on Network Service Netlink Socket.
[[0;32m  OK  [0m] Listening on Journal Audit Socket.
[[0;32m  OK  [0m] Listening on LVM2 metadata daemon socket.
         Starting Monitoring of LVM2 mirrors…ng dmeventd or progress polling...
[[0;32m  OK  [0m] Created slice system-serial\x2dgetty.slice.
         Mounting Kernel Debug File System...
[[0;32m  OK  [0m] Reached target Mounting snaps.
[[0;32m  OK  [0m] Reached target Mounted snaps.
[[0;32m  OK  [0m] Reached target Swap.
[[0;32m  OK  [0m] Listening on /dev/initctl Compatibility Named Pipe.
[[0;32m  OK  [0m] Listening on Syslog Socket.
         Starting Load Kernel Modules...
[[0;32m  OK  [0m] Listening on Journal Socket (/dev/log).
         Starting Journal Service...
[[0;32m  OK  [0m] Listening on fsck to fsckd communication Socket.
         Starting File System Check on Root Device...
         Starting Create list of required st…ce nodes for the current kernel...
[[0;32m  OK  [0m] Set up automount Arbitrary Executab…rmats File System Automount Point.
[[0;32m  OK  [0m] Created slice User and Session Slice.
[[0;32m  OK  [0m] Reached target System Time Synchronized.
[[0;32m  OK  [0m] Reached target User and Group Name Lookups.
         Mounting POSIX Message Queue File System...
[[0;32m  OK  [0m] Reached target Slices.
         Starting udev Coldplug all Devices...
[[0;32m  OK  [0m] Started Uncomplicated firewall.
[[0;32m  OK  [0m] Mounted Huge Pages File System.
[[0;32m  OK  [0m] Mounted Kernel Debug File System.
[[0;32m  OK  [0m] Started File System Check Daemon to report status.
[[0;32m  OK  [0m] Mounted POSIX Message Queue File System.
[[0;32m  OK  [0m] Started Create list of required sta…vice nodes for the current kernel.
         Starting Create Static Device Nodes in /dev...
[   20.815897] Loading iSCSI transport class v2.0-870.
[[0;32m  OK  [0m] Started File System Check on Root Device.
         Starting Remount Root and Kernel File Systems...
[   20.963695] EXT4-fs (sda1): re-mounted. Opts: (null)
[[0;32m  OK  [0m] Started LVM2 metadata daemon.
[[0;32m  OK  [0m] Started Remount Root and Kernel File Systems.
[   21.045885] iscsi: registered transport (tcp)
         Starting Load/Save Random Seed...
[[0;32m  OK  [0m] Started udev Coldplug all Devices.
[[0;32m  OK  [0m] Started Load/Save Random Seed.
[[0;32m  OK  [0m] Started Journal Service.
         Starting Flush Journal to Persistent Storage...
[[0;32m  OK  [0m] Started Create Static Device Nodes in /dev.
         Starting udev Kernel Device Manager...
[[0;32m  OK  [0m] Started Monitoring of LVM2 mirrors,…sing dmeventd or progress polling.
[   21.382758] systemd-journald[409]: Received request to flush runtime journal from PID 1
[[0;32m  OK  [0m] Started Flush Journal to Persistent Storage.
[[0;32m  OK  [0m] Started udev Kernel Device Manager.
[   21.838036] iscsi: registered transport (iser)
[[0;32m  OK  [0m] Started Load Kernel Modules.
         Mounting FUSE Control File System...
         Mounting Kernel Configuration File System...
         Starting Apply Kernel Variables...
[[0;32m  OK  [0m] Mounted FUSE Control File System.
[[0;32m  OK  [0m] Mounted Kernel Configuration File System.
[[0;32m  OK  [0m] Started Apply Kernel Variables.
[[0;32m  OK  [0m] Found device /dev/ttyS0.
[[0;32m  OK  [0m] Listening on Load/Save RF Kill Switch Status /dev/rfkill Watch.
         Mounting Arbitrary Executable File Formats File System...
[[0;32m  OK  [0m] Mounted Arbitrary Executable File Formats File System.
[[0;32m  OK  [0m] Started Set the console keyboard layout.
[[0;32m  OK  [0m] Reached target Local File Systems (Pre).
[[0;32m  OK  [0m] Reached target Local File Systems.
         Starting Commit a transient machine-id on disk...
         Starting Create Volatile Files and Directories...
         Starting AppArmor initialization...
         Starting Set console font and keymap...
         Starting ebtables ruleset management...
         Starting Tell Plymouth To Write Out Runtime Data...
[[0;32m  OK  [0m] Started Dispatch Password Requests to Console Directory Watch.
[[0;32m  OK  [0m] Reached target Local Encrypted Volumes.
[[0;32m  OK  [0m] Started Tell Plymouth To Write Out Runtime Data.
[[0;32m  OK  [0m] Started Create Volatile Files and Directories.
         Starting Update UTMP about System Boot/Shutdown...
[[0;32m  OK  [0m] Started Commit a transient machine-id on disk.
[[0;32m  OK  [0m] Started Update UTMP about System Boot/Shutdown.
[[0;32m  OK  [0m] Started ebtables ruleset management.
[[0;32m  OK  [0m] Started AppArmor initialization.
         Starting Load AppArmor profiles managed internally by snapd...
         Starting Initial cloud-init job (pre-networking)...
[[0;32m  OK  [0m] Started Load AppArmor profiles managed internally by snapd.
[[0;32m  OK  [0m] Started Set console font and keymap.
[   33.860784] cloud-init[611]: Cloud-init v. 23.1.2-0ubuntu0~18.04.1 running 'init-local' at Wed, 20 May 2026 06:17:55 +0000. Up 32.67 seconds.
[[0;32m  OK  [0m] Started Initial cloud-init job (pre-networking).
[[0;32m  OK  [0m] Reached target Network (Pre).
         Starting Network Service...
[[0;32m  OK  [0m] Started Network Service.
         Starting Wait for Network to be Configured...
         Starting Network Name Resolution...
[[0;32m  OK  [0m] Started Network Name Resolution.
[[0;32m  OK  [0m] Reached target Network.
[[0;32m  OK  [0m] Reached target Host and Network Name Lookups.
[[0;32m  OK  [0m] Started Wait for Network to be Configured.
         Starting Initial cloud-init job (metadata service crawler)...
[   37.169565] cloud-init[906]: Cloud-init v. 23.1.2-0ubuntu0~18.04.1 running 'init' at Wed, 20 May 2026 06:17:59 +0000. Up 36.75 seconds.
[   37.197036] cloud-init[906]: ci-info: ++++++++++++++++++++++++++++++++++++++++++++Net device info++++++++++++++++++++++++++++++++++++++++++++
[   37.213784] cloud-init[906]: ci-info: +--------+-------+---------------------------------------+---------------+--------+-------------------+
[   37.231137] cloud-init[906]: ci-info: | Device |   Up  |                Address                |      Mask     | Scope  |     Hw-Address    |
[   37.247778] cloud-init[906]: ci-info: +--------+-------+---------------------------------------+---------------+--------+-------------------+
[   37.265966] cloud-init[906]: ci-info: | enp0s3 |  True |               10.0.2.15               | 255.255.255.0 | global | 02:3b:7b:b7:3b:2d |
[   37.283653] cloud-init[906]: ci-info: | enp0s3 |  True | fd17:625c:f037:2:3b:7bff:feb7:3b2d/64 |       .       | global | 02:3b:7b:b7:3b:2d |
[   37.304749] cloud-init[906]: ci-info: | enp0s3 |  True |       fe80::3b:7bff:feb7:3b2d/64      |       .       |  link  | 02:3b:7b:b7:3b:2d |
[   37.325902] cloud-init[906]: ci-info: | enp0s8 | False |                   .                   |       .       |   .    | 08:00:27:f3:29:b9 |
[   37.344427] cloud-init[906]: ci-info: |   lo   |  True |               127.0.0.1               |   255.0.0.0   |  host  |         .         |
[   37.362094] cloud-init[906]: ci-info: |   lo   |  True |                ::1/128                |       .       |  host  |         .         |
[   37.378056] cloud-init[906]: ci-info: +--------+-------+---------------------------------------+---------------+--------+-------------------+
[   37.395874] cloud-init[906]: ci-info: ++++++++++++++++++++++++++++Route IPv4 info+++++++++++++++++++++++++++++
[   37.409760] cloud-init[906]: ci-info: +-------+-------------+----------+-----------------+-----------+-------+
[   37.422418] cloud-init[906]: ci-info: | Route | Destination | Gateway  |     Genmask     | Interface | Flags |
[   37.435628] cloud-init[906]: ci-info: +-------+-------------+----------+-----------------+-----------+-------+
[   37.449530] cloud-init[906]: ci-info: |   0   |   0.0.0.0   | 10.0.2.2 |     0.0.0.0     |   enp0s3  |   UG  |
[   37.461706] cloud-init[906]: ci-info: |   1   |   10.0.2.0  | 0.0.0.0  |  255.255.255.0  |   enp0s3  |   U   |
[   37.476193] cloud-init[906]: ci-info: |   2   |   10.0.2.2  | 0.0.0.0  | 255.255.255.255 |   enp0s3  |   UH  |
[   37.489596] cloud-init[906]: ci-info: +-------+-------------+----------+-----------------+-----------+-------+
[   37.504613] cloud-init[906]: ci-info: ++++++++++++++++++++++++Route IPv6 info++++++++++++++++++++++++
[   37.518320] cloud-init[906]: ci-info: +-------+-----------------------+---------+-----------+-------+
[   37.537494] cloud-init[906]: ci-info: | Route |      Destination      | Gateway | Interface | Flags |
[   37.550587] cloud-init[906]: ci-info: +-------+-----------------------+---------+-----------+-------+
[   37.562883] cloud-init[906]: ci-info: |   1   | fd17:625c:f037:2::/64 |    ::   |   enp0s3  |   U   |
[   37.575568] cloud-init[906]: ci-info: |   2   |       fe80::/64       |    ::   |   enp0s3  |   U   |
[   37.587046] cloud-init[906]: ci-info: |   3   |          ::/0         | fe80::2 |   enp0s3  |   UG  |
[   37.598688] cloud-init[906]: ci-info: |   5   |         local         |    ::   |   enp0s3  |   U   |
[   37.612731] cloud-init[906]: ci-info: |   6   |        ff00::/8       |    ::   |   enp0s3  |   U   |
[   37.625844] cloud-init[906]: ci-info: +-------+-----------------------+---------+-----------+-------+
[   40.489064] cloud-init[906]: Generating public/private rsa key pair.
[   40.509022] cloud-init[906]: Your identification has been saved in /etc/ssh/ssh_host_rsa_key.
[   40.534551] cloud-init[906]: Your public key has been saved in /etc/ssh/ssh_host_rsa_key.pub.
[   40.559290] cloud-init[906]: The key fingerprint is:
[   40.577667] cloud-init[906]: SHA256:a4vt6J4rsPdrkemD1N1pdVXQkb302x3IF8JhbP5RHo8 root@ubuntu-bionic
[[0;32m  OK  [0m] Started Initial cloud-init job (metadata service crawler).
[[0;32m  OK  [0m] Reached target Cloud-config availability.
[[0;32m  OK  [0m] Reached target Network is Online.
         Starting Availability of block devices...
[[0;32m  OK  [0m] Reached target Remote File Systems (Pre).
[[0;32m  OK  [0m] Reached target Remote File Systems.
[[0;32m  OK  [0m] Reached target System Initialization.
[[0;32m  OK  [0m] Started Message of the Day.
[[0;32m  OK  [0m] Listening on cloud-init hotplug hook socket.
[   40.673362] cloud-init[906]: The key's randomart image is:
[   40.691983] cloud-init[906]: +---[RSA 2048]----+
[   40.699979] cloud-init[906]: |            ooo+*|
[[0;32m  OK  [0m] Started Ubuntu Advantage Timer for running repeated jobs.
[   40.721739] cloud-init[906]: |            .= ==|[[0;32m  OK  [0m] Listening on ACPID Listen Socket.
[[0;32m  OK  [0m] Listening on UUID daemon activation socket.
[[0;32m  OK  [0m] Started Daily Cleanup of Temporary Directories.

         Starting LXD - unix socket.
[[0;32m  OK  [0m] Started Daily apt download activities.
[[0;32m  OK  [0m] Started ACPI Events Check.
[[0;32m  OK  [0m] Reached target Paths.
[   40.787965] [[0;32m  OK  [0m] Started Daily apt upgrade and clean activities.
         Starting Socket activation for snappy daemon.
[[0;32m  OK  [0m] Started Discard unused blocks once a week.
cloud-init[[0;32m  OK  [0m] Reached target Timers.
[906]: |            + ++B|[[0;32m  OK  [0m] Listening on Open-iSCSI iscsid Socket.
[[0;32m  OK  [0m] Listening on D-Bus System Message Bus Socket.
[[0;32m  OK  [0m] Started Availability of block devices.
[[0;32m  OK  [0m] Listening on LXD - unix socket.
[[0;32m  OK  [0m] Listening on Socket activation for snappy daemon.
[[0;32m  OK  [0m] Reached target Sockets.
[[0;32m  OK  [0m] Reached target Basic System.

[   40.894782] cloud-init[906]: |            .+E=+|
[   40.894925] cloud-init[906]: |     . +S. o .o *|
[   40.898606] cloud-init[906]: |  . . = ..+    oo|
[   40.901311] cloud-init[906]: |   + o .o.       |
[   40.903953] cloud-init[906]: |  . + +* .       |
         Starting Login Service...
[   40.906416] cloud-init[906]: |   . *X=+        |
         Starting LSB: automatic crash report generation...
         Starting Permit User Sessions...
[   40.951449] cloud-init[906]: +----[SHA256]-----+
         Starting LSB: Record successful boot for GRUB...
[   40.986417] cloud-init[906]: Generating public/private dsa key pair.
[   41.011024] cloud-init[906]: Your identification has been saved in /etc/ssh/ssh_host_dsa_key.
         Starting Dispatcher daemon for systemd-networkd...
[   41.035966] cloud-init[906]: Your public key has been saved in /etc/ssh/ssh_host_dsa_key.pub.
         Starting Pollinate to seed the pseudo random number generator...
[[0;32m  OK  [0m] Reached target Login Prompts (Pre).
         Starting System Logging Service...
[   41.059701]          Starting Snap Daemon...
[[0;32m  OK  [0m] Started Deferred execution scheduler.
         Starting Accounts Service...
cloud-init[[0;32m  OK  [0m] Started Regular background program processing daemon.
[906]: The key fingerprint is:
[   41.115749] cloud-init[906]: SHA256:LgqL4ik7fFmzw88niWn+olRKn5cojokolMRJU/j9nGc root@ubuntu-bionic
[   41.129331] cloud-init[906]: The key's randomart image is:
[   41.152284] cloud-init[906]: +---[DSA 1024]----+
[[0;32m  OK  [0m] Started irqbalance daemon.
[   41.185429] cloud-init[906]: |  o.             |
[[0;32m  OK  [0m] Started FUSE filesystem for LXC.
         Starting Virtualbox guest utils...
[[0;32m  OK  [0m] Started D-Bus System Message Bus.
[   41.203806] cloud-init[906]: | +               |
[   41.245430] cloud-init[906]: |o + .            |
[   41.251845] cloud-init[906]: | + . .           |
[   41.264515] cloud-init[906]: |. .. .o S        |
[   41.273715] cloud-init[906]: | o. +oo=.E       |
[   41.286632] cloud-init[906]: |o .+++*o=        |
[   41.298477] cloud-init[906]: |Bo*=.Xo+ .       |
[   41.305544] cloud-init[906]: |XBoo=.=+o        |
[   41.323634] cloud-init[906]: +----[SHA256]-----+
[   41.333189] cloud-init[906]: Generating public/private ecdsa key pair.
[   41.347804] cloud-init[906]: Your identification has been saved in /etc/ssh/ssh_host_ecdsa_key.
[   41.363722] cloud-init[906]: Your public key has been saved in /etc/ssh/ssh_host_ecdsa_key.pub.
[   41.385068] cloud-init[906]: The key fingerprint is:
[   41.403057] cloud-init[906]: SHA256:gtHH3EE8uxKBVI8O9jOpgUrk0vcprTtdlPBcNwTfjl0 root@ubuntu-bionic
[   41.415028] cloud-init[906]: The key's randomart image is:
[   41.422264] cloud-init[906]: +---[ECDSA 256]---+
[   41.430195] cloud-init[906]: |     ..o.o+o.    |
[   41.436051] cloud-init[906]: |     .oo.++oo.   |
[   41.442589] cloud-init[906]: |  . . ++=+o+... E|
[   41.449056] cloud-init[906]: | +   = =*..  + . |
[   41.456766] cloud-init[906]: |. + + o.S. .. o  |
[   41.462790] cloud-init[906]: | o o o =oo.      |
[   41.470042] cloud-init[906]: |  . ..=. .       |
[   41.481216] cloud-init[906]: |    .o.          |
[   41.488687] cloud-init[906]: |    oo           |
[   41.526181] cloud-init[906]: +----[SHA256]-----+
[   41.536727] cloud-init[906]: Generating public/private ed25519 key pair.
[   41.545489] cloud-init[906]: Your identification has been saved in /etc/ssh/ssh_host_ed25519_key.
[   41.557073] cloud-init[906]: Your public key has been saved in /etc/ssh/ssh_host_ed25519_key.pub.
[   41.569498] cloud-init[906]: The key fingerprint is:
[   41.577688] cloud-init[906]: SHA256:Vg2+4QpWUcFqYQEnYTkd1xXI5TkAMAvJWafMuTMQeZQ root@ubuntu-bionic
[   41.589784] cloud-init[906]: The key's randomart image is:
[   41.598179] cloud-init[906]: +--[ED25519 256]--+
[   41.603888] cloud-init[906]: |     .B@XBB=.++. |
[   41.610469] cloud-init[906]: |     .BBEX.o+o . |
[   41.621173] cloud-init[906]: |      .+Bo+ . +  |
[   41.634212] cloud-init[906]: |       oo+ o   . |
[   41.641046] cloud-init[906]: |      o.S o      |
[   41.657226] cloud-init[906]: |     . o +       |
[   41.664959] cloud-init[906]: |        .        |
[   41.672008] cloud-init[906]: |                 |
[   41.688644] cloud-init[906]: |                 |
[   41.703822] cloud-init[906]: +----[SHA256]-----+
         Starting LXD - container startup/shutdown...
[[0;32m  OK  [0m] Started System Logging Service.
[[0;32m  OK  [0m] Started Permit User Sessions.
         Starting Terminate Plymouth Boot Screen...
         Starting Hold until boot process finishes up...
[[0;32m  OK  [0m] Started Hold until boot process finishes up.
[[0;32m  OK  [0m] Started Serial Getty on ttyS0.
         Starting Set console scheme...
[[0;32m  OK  [0m] Started Terminate Plymouth Boot Screen.
[[0;32m  OK  [0m] Started Login Service.
[[0;32m  OK  [0m] Started Unattended Upgrades Shutdown.
[[0;32m  OK  [0m] Started Set console scheme.
[[0;32m  OK  [0m] Created slice system-getty.slice.
[[0;32m  OK  [0m] Started Getty on tty1.
[[0;32m  OK  [0m] Reached target Login Prompts.
[[0;32m  OK  [0m] Started LSB: automatic crash report generation.
         Starting Authorization Manager...
[[0;32m  OK  [0m] Started LSB: Record successful boot for GRUB.
[[0;32m  OK  [0m] Started Authorization Manager.
[[0;32m  OK  [0m] Started Accounts Service.
[[0;32m  OK  [0m] Started Dispatcher daemon for systemd-networkd.
[[0;32m  OK  [0m] Started Virtualbox guest utils.
[[0;32m  OK  [0m] Started LXD - container startup/shutdown.
[[0;32m  OK  [0m] Started Pollinate to seed the pseudo random number generator.
         Starting OpenBSD Secure Shell server...
[[0;32m  OK  [0m] Started OpenBSD Secure Shell server.
[[0;32m  OK  [0m] Created slice User Slice of vagrant.
         Starting User Manager for UID 1000...
[[0;32m  OK  [0m] Started Session 1 of user vagrant.
[[0;32m  OK  [0m] Started Snap Daemon.
         Starting Wait until snapd is fully seeded...
[[0;32m  OK  [0m] Started User Manager for UID 1000.

Ubuntu 18.04.6 LTS ubuntu-bionic ttyS0

ubuntu-bionic login: [   56.279501] cloud-init[1412]: Cloud-init v. 23.1.2-0ubuntu0~18.04.1 running 'modules:config' at Wed, 20 May 2026 06:18:16 +0000. Up 53.73 seconds.
ci-info: no authorized SSH keys fingerprints found for user ubuntu.
<14>May 20 06:18:20 cloud-init: #############################################################
<14>May 20 06:18:21 cloud-init: -----BEGIN SSH HOST KEY FINGERPRINTS-----
<14>May 20 06:18:21 cloud-init: 1024 SHA256:LgqL4ik7fFmzw88niWn+olRKn5cojokolMRJU/j9nGc root@ubuntu-bionic (DSA)
<14>May 20 06:18:21 cloud-init: 256 SHA256:gtHH3EE8uxKBVI8O9jOpgUrk0vcprTtdlPBcNwTfjl0 root@ubuntu-bionic (ECDSA)
<14>May 20 06:18:21 cloud-init: 256 SHA256:Vg2+4QpWUcFqYQEnYTkd1xXI5TkAMAvJWafMuTMQeZQ root@ubuntu-bionic (ED25519)
<14>May 20 06:18:21 cloud-init: 2048 SHA256:a4vt6J4rsPdrkemD1N1pdVXQkb302x3IF8JhbP5RHo8 root@ubuntu-bionic (RSA)
<14>May 20 06:18:21 cloud-init: -----END SSH HOST KEY FINGERPRINTS-----
<14>May 20 06:18:21 cloud-init: #############################################################
-----BEGIN SSH HOST KEY KEYS-----
ecdsa-sha2-nistp256 AAAAE2VjZHNhLXNoYTItbmlzdHAyNTYAAAAIbmlzdHAyNTYAAABBBA4iZLG0Ht1f0nuOyaGlxy4NKhtgYwTfZa8MK8IBf5oGAgmL2Os21UErpNSIMNh0SqTH+v5hDxIrKN9vxafXsw4= root@ubuntu-bionic
ssh-ed25519 AAAAC3NzaC1lZDI1NTE5AAAAIGPJkCEfuNley5E/uLckgqG9bE+vClwZMh29HWZB08QW root@ubuntu-bionic
ssh-rsa AAAAB3NzaC1yc2EAAAADAQABAAABAQDpCmdUhmnKdTmsl/+SVVA4Qt/i3oi5me+E16dQeCivlCiLCL7VN+qdYSuYDwebaVQkuHUxWC7dsYHjhLM6ExLpz9wgplC8fPr8hTrVjQNZ/ivXsB0Qi6LWzmwkfU0ozCZzxwKTwlnxaAz2h5VoWYRgOz08SUBP5Imots7hYcAQ3E2b3rjX9lu/mqAtXyBEgD0CxK1+aqhciHRd6aNKmDDglYC+wjELEHmRsNTEzJcWXi48jpy2eRHg8ED3fDVQ1DsSjeSiqHaT7Ai4ggY45ECSUjstd2kZ9iKloyOqItQQkNslqmCjUtq+o5yYXNzKz3F23z9VtXEg9HxpwUmfJ+DP root@ubuntu-bionic
-----END SSH HOST KEY KEYS-----
[   59.038688] cloud-init[1531]: Cloud-init v. 23.1.2-0ubuntu0~18.04.1 running 'modules:final' at Wed, 20 May 2026 06:18:20 +0000. Up 57.95 seconds.
[   59.096147] cloud-init[1531]: Cloud-init v. 23.1.2-0ubuntu0~18.04.1 finished at Wed, 20 May 2026 06:18:21 +0000. Datasource DataSourceNoCloud [seed=/dev/sdb][dsmode=net].  Up 58.99 seconds
